127.0.0.1 - - [04/Jul/2023:10:10:55 +0900] "GET / HTTP/1.1" 404 807
0:0:0:0:0:0:0:1 - - [04/Jul/2023:10:10:56 +0900] "GET /servlet/cycle HTTP/1.1" 404 824
0:0:0:0:0:0:0:1 - - [04/Jul/2023:10:10:56 +0900] "GET /favicon.ico HTTP/1.1" 404 818
127.0.0.1 - - [04/Jul/2023:10:15:08 +0900] "GET / HTTP/1.1" 404 807
0:0:0:0:0:0:0:1 - - [04/Jul/2023:10:15:08 +0900] "GET /servlet/cycle HTTP/1.1" 404 824
0:0:0:0:0:0:0:1 - - [04/Jul/2023:10:17:20 +0900] "GET /servlet/cycle HTTP/1.1" 404 824
127.0.0.1 - - [04/Jul/2023:10:18:06 +0900] "GET / HTTP/1.1" 404 807
0:0:0:0:0:0:0:1 - - [04/Jul/2023:10:18:06 +0900] "GET /servlet/LifeCycleServlet HTTP/1.1" 404 835
127.0.0.1 - - [04/Jul/2023:10:21:22 +0900] "GET / HTTP/1.1" 404 807
0:0:0:0:0:0:0:1 - - [04/Jul/2023:10:21:22 +0900] "GET /servlet/LifeCycleServlet HTTP/1.1" 404 835
0:0:0:0:0:0:0:1 - - [04/Jul/2023:10:24:03 +0900] "GET /servlet/LifeCycleServlet HTTP/1.1" 404 835
127.0.0.1 - - [04/Jul/2023:10:28:07 +0900] "GET / HTTP/1.1" 404 807
0:0:0:0:0:0:0:1 - - [04/Jul/2023:10:28:08 +0900] "GET /servlet/servlet/ezen.servlet.HelloServlet HTTP/1.1" 404 856
0:0:0:0:0:0:0:1 - - [04/Jul/2023:10:31:19 +0900] "GET /servlet/index.html HTTP/1.1" 200 242
0:0:0:0:0:0:0:1 - - [04/Jul/2023:10:32:13 +0900] "GET /servlet/index.html HTTP/1.1" 200 264
0:0:0:0:0:0:0:1 - - [04/Jul/2023:10:32:18 +0900] "GET /servlet/hello HTTP/1.1" 404 824
0:0:0:0:0:0:0:1 - - [04/Jul/2023:10:32:20 +0900] "GET /servlet/hello HTTP/1.1" 404 824
0:0:0:0:0:0:0:1 - - [04/Jul/2023:10:32:21 +0900] "GET /servlet/hello HTTP/1.1" 404 824
0:0:0:0:0:0:0:1 - - [04/Jul/2023:10:32:22 +0900] "GET /servlet/hello HTTP/1.1" 404 824
0:0:0:0:0:0:0:1 - - [04/Jul/2023:10:32:55 +0900] "GET /servlet/index.html HTTP/1.1" 200 263
0:0:0:0:0:0:0:1 - - [04/Jul/2023:10:32:56 +0900] "GET /servlet/servlet/hello HTTP/1.1" 404 836
0:0:0:0:0:0:0:1 - - [04/Jul/2023:10:33:48 +0900] "GET /servlet/index.html HTTP/1.1" 200 255
0:0:0:0:0:0:0:1 - - [04/Jul/2023:10:33:49 +0900] "GET /servlet/hello HTTP/1.1" 404 824
127.0.0.1 - - [04/Jul/2023:10:38:31 +0900] "GET /servlet/index.html HTTP/1.1" 200 245
127.0.0.1 - - [04/Jul/2023:10:38:31 +0900] "GET / HTTP/1.1" 404 807
127.0.0.1 - - [04/Jul/2023:10:38:32 +0900] "GET /servlet/gugudan.html HTTP/1.1" 304 -
127.0.0.1 - - [04/Jul/2023:10:40:45 +0900] "GET / HTTP/1.1" 404 807
0:0:0:0:0:0:0:1 - - [04/Jul/2023:10:40:45 +0900] "GET /servlet/index.html HTTP/1.1" 200 365
0:0:0:0:0:0:0:1 - - [04/Jul/2023:10:40:47 +0900] "GET /servlet/hello HTTP/1.1" 200 86
0:0:0:0:0:0:0:1 - - [04/Jul/2023:10:40:52 +0900] "GET /servlet/cycle HTTP/1.1" 200 84
127.0.0.1 - - [04/Jul/2023:10:55:05 +0900] "GET / HTTP/1.1" 404 807
0:0:0:0:0:0:0:1 - - [04/Jul/2023:10:55:05 +0900] "GET /servlet/request HTTP/1.1" 200 -
127.0.0.1 - - [04/Jul/2023:10:55:41 +0900] "GET / HTTP/1.1" 404 807
0:0:0:0:0:0:0:1 - - [04/Jul/2023:10:55:42 +0900] "GET /servlet/request HTTP/1.1" 500 1522
127.0.0.1 - - [04/Jul/2023:10:56:05 +0900] "GET / HTTP/1.1" 404 807
0:0:0:0:0:0:0:1 - - [04/Jul/2023:10:56:05 +0900] "GET /servlet/request HTTP/1.1" 200 -
127.0.0.1 - - [04/Jul/2023:10:58:26 +0900] "GET / HTTP/1.1" 404 807
0:0:0:0:0:0:0:1 - - [04/Jul/2023:10:58:27 +0900] "GET /servlet/request HTTP/1.1" 200 -
127.0.0.1 - - [04/Jul/2023:10:59:08 +0900] "GET / HTTP/1.1" 404 807
0:0:0:0:0:0:0:1 - - [04/Jul/2023:10:59:08 +0900] "GET /servlet/request HTTP/1.1" 200 -
127.0.0.1 - - [04/Jul/2023:11:54:33 +0900] "GET / HTTP/1.1" 404 807
0:0:0:0:0:0:0:1 - - [04/Jul/2023:11:54:33 +0900] "GET /servlet/media HTTP/1.1" 500 1321
127.0.0.1 - - [04/Jul/2023:11:55:04 +0900] "GET / HTTP/1.1" 404 807
0:0:0:0:0:0:0:1 - - [04/Jul/2023:11:55:04 +0900] "GET /servlet/media HTTP/1.1" 500 1583
127.0.0.1 - - [04/Jul/2023:11:56:30 +0900] "GET / HTTP/1.1" 404 807
0:0:0:0:0:0:0:1 - - [04/Jul/2023:11:56:31 +0900] "GET /servlet/media HTTP/1.1" 500 1615
127.0.0.1 - - [04/Jul/2023:12:28:33 +0900] "GET / HTTP/1.1" 404 807
0:0:0:0:0:0:0:1 - - [04/Jul/2023:12:28:33 +0900] "GET /servlet/media HTTP/1.1" 500 3993
127.0.0.1 - - [04/Jul/2023:12:30:56 +0900] "GET / HTTP/1.1" 404 807
0:0:0:0:0:0:0:1 - - [04/Jul/2023:12:30:56 +0900] "GET /servlet/media HTTP/1.1" 500 3993
127.0.0.1 - - [04/Jul/2023:12:32:52 +0900] "GET / HTTP/1.1" 404 807
0:0:0:0:0:0:0:1 - - [04/Jul/2023:12:32:53 +0900] "GET /servlet/media HTTP/1.1" 200 2358664
0:0:0:0:0:0:0:1 - - [04/Jul/2023:12:35:34 +0900] "GET /servlet/media HTTP/1.1" 200 2358664
0:0:0:0:0:0:0:1 - - [04/Jul/2023:12:35:43 +0900] "GET /servlet/media HTTP/1.1" 200 2358664
127.0.0.1 - - [04/Jul/2023:12:36:29 +0900] "GET / HTTP/1.1" 404 807
0:0:0:0:0:0:0:1 - - [04/Jul/2023:12:36:29 +0900] "GET /servlet/media HTTP/1.1" 200 2358664
127.0.0.1 - - [04/Jul/2023:12:40:29 +0900] "GET / HTTP/1.1" 404 807
0:0:0:0:0:0:0:1 - - [04/Jul/2023:12:40:30 +0900] "GET /servlet/request HTTP/1.1" 200 -
127.0.0.1 - - [04/Jul/2023:12:58:53 +0900] "GET / HTTP/1.1" 404 807
0:0:0:0:0:0:0:1 - - [04/Jul/2023:12:58:54 +0900] "GET /servlet/memberRegist.html HTTP/1.1" 200 7191
0:0:0:0:0:0:0:1 - - [04/Jul/2023:12:59:17 +0900] "POST /servlet/member/register HTTP/1.1" 200 -
0:0:0:0:0:0:0:1 - - [04/Jul/2023:13:00:31 +0900] "POST /servlet/member/register HTTP/1.1" 200 -
127.0.0.1 - - [04/Jul/2023:13:02:50 +0900] "GET / HTTP/1.1" 404 807
0:0:0:0:0:0:0:1 - - [04/Jul/2023:13:02:51 +0900] "GET /servlet/member/register HTTP/1.1" 405 825
0:0:0:0:0:0:0:1 - - [04/Jul/2023:13:03:12 +0900] "GET /servlet/memberRegist.html HTTP/1.1" 304 -
0:0:0:0:0:0:0:1 - - [04/Jul/2023:13:03:29 +0900] "POST /servlet/member/register HTTP/1.1" 200 -
0:0:0:0:0:0:0:1 - - [04/Jul/2023:13:04:13 +0900] "POST /servlet/member/register HTTP/1.1" 200 -
0:0:0:0:0:0:0:1 - - [04/Jul/2023:14:06:29 +0900] "GET /servlet/memberRegist.html HTTP/1.1" 200 7191
127.0.0.1 - - [04/Jul/2023:14:09:29 +0900] "GET / HTTP/1.1" 404 807
0:0:0:0:0:0:0:1 - - [04/Jul/2023:14:09:30 +0900] "GET /servlet/member/register HTTP/1.1" 405 825
0:0:0:0:0:0:0:1 - - [04/Jul/2023:14:09:58 +0900] "POST /servlet/member/register HTTP/1.1" 200 -
0:0:0:0:0:0:0:1 - - [04/Jul/2023:14:10:42 +0900] "POST /servlet/member/register HTTP/1.1" 200 -
127.0.0.1 - - [04/Jul/2023:14:13:26 +0900] "GET / HTTP/1.1" 404 807
0:0:0:0:0:0:0:1 - - [04/Jul/2023:14:13:26 +0900] "GET /servlet/memberRegist.html HTTP/1.1" 304 -
0:0:0:0:0:0:0:1 - - [04/Jul/2023:14:13:31 +0900] "POST /servlet/member/register HTTP/1.1" 200 -
127.0.0.1 - - [04/Jul/2023:14:19:50 +0900] "GET / HTTP/1.1" 404 807
0:0:0:0:0:0:0:1 - - [04/Jul/2023:14:19:51 +0900] "GET /servlet/member/register HTTP/1.1" 405 825
0:0:0:0:0:0:0:1 - - [04/Jul/2023:14:20:49 +0900] "POST /servlet/member/register HTTP/1.1" 200 -
127.0.0.1 - - [04/Jul/2023:15:15:33 +0900] "GET / HTTP/1.1" 404 807
0:0:0:0:0:0:0:1 - - [04/Jul/2023:15:15:33 +0900] "GET /servlet/a HTTP/1.1" 200 -
127.0.0.1 - - [04/Jul/2023:15:27:17 +0900] "GET / HTTP/1.1" 404 807
0:0:0:0:0:0:0:1 - - [04/Jul/2023:15:27:18 +0900] "GET /servlet/config HTTP/1.1" 200 -
127.0.0.1 - - [04/Jul/2023:15:28:01 +0900] "GET / HTTP/1.1" 404 807
0:0:0:0:0:0:0:1 - - [04/Jul/2023:15:28:01 +0900] "GET /servlet/config HTTP/1.1" 200 -
127.0.0.1 - - [04/Jul/2023:15:28:19 +0900] "GET / HTTP/1.1" 404 807
0:0:0:0:0:0:0:1 - - [04/Jul/2023:15:28:20 +0900] "GET /servlet/config HTTP/1.1" 200 -
127.0.0.1 - - [04/Jul/2023:15:30:58 +0900] "GET / HTTP/1.1" 404 807
0:0:0:0:0:0:0:1 - - [04/Jul/2023:15:30:58 +0900] "GET /servlet/config HTTP/1.1" 500 1593
127.0.0.1 - - [04/Jul/2023:15:31:54 +0900] "GET / HTTP/1.1" 404 807
0:0:0:0:0:0:0:1 - - [04/Jul/2023:15:31:54 +0900] "GET /servlet/config HTTP/1.1" 500 1593
127.0.0.1 - - [04/Jul/2023:15:33:47 +0900] "GET / HTTP/1.1" 404 807
0:0:0:0:0:0:0:1 - - [04/Jul/2023:15:33:47 +0900] "GET /servlet/config HTTP/1.1" 200 -
127.0.0.1 - - [04/Jul/2023:15:53:41 +0900] "GET / HTTP/1.1" 404 807
0:0:0:0:0:0:0:1 - - [04/Jul/2023:15:53:41 +0900] "GET /servlet/context HTTP/1.1" 200 -
127.0.0.1 - - [04/Jul/2023:16:11:12 +0900] "GET / HTTP/1.1" 404 807
0:0:0:0:0:0:0:1 - - [04/Jul/2023:16:11:13 +0900] "GET /servlet/context HTTP/1.1" 200 -
127.0.0.1 - - [04/Jul/2023:16:21:00 +0900] "GET / HTTP/1.1" 404 807
0:0:0:0:0:0:0:1 - - [04/Jul/2023:16:21:01 +0900] "GET /servlet/context HTTP/1.1" 200 -
0:0:0:0:0:0:0:1 - - [04/Jul/2023:16:21:13 +0900] "GET /servlet/hello HTTP/1.1" 200 163
127.0.0.1 - - [04/Jul/2023:16:51:18 +0900] "GET / HTTP/1.1" 404 807
0:0:0:0:0:0:0:1 - - [04/Jul/2023:16:51:19 +0900] "GET /servlet/hello HTTP/1.1" 200 139
0:0:0:0:0:0:0:1 - - [04/Jul/2023:16:52:04 +0900] "GET /servlet/request HTTP/1.1" 200 152
0:0:0:0:0:0:0:1 - - [04/Jul/2023:17:12:56 +0900] "GET /servlet/accounts HTTP/1.1" 404 827
127.0.0.1 - - [04/Jul/2023:17:28:42 +0900] "GET / HTTP/1.1" 404 807
0:0:0:0:0:0:0:1 - - [04/Jul/2023:17:28:43 +0900] "GET /servlet/account/list HTTP/1.1" 500 1237
127.0.0.1 - - [04/Jul/2023:17:31:51 +0900] "GET / HTTP/1.1" 404 807
0:0:0:0:0:0:0:1 - - [04/Jul/2023:17:31:52 +0900] "GET /servlet/account/list HTTP/1.1" 500 1276
127.0.0.1 - - [04/Jul/2023:17:35:14 +0900] "GET / HTTP/1.1" 404 807
0:0:0:0:0:0:0:1 - - [04/Jul/2023:17:35:15 +0900] "GET /servlet/account/list HTTP/1.1" 500 1276
